// Jest Snapshot v1, https://goo.gl/fbAQLP

exports[`core.public.addEdges Fails silently with no arguments 1`] = `
Object {
  "edges": Object {
    "1_2": Object {
      "edgeData": Object {},
      "edgeID": "1_2",
      "sourceID": 1,
      "targetID": 2,
    },
    "2_1": Object {
      "edgeData": Object {},
      "edgeID": "2_1",
      "sourceID": 2,
      "targetID": 1,
    },
  },
  "nodes": Object {
    "1": Object {
      "nodeData": undefined,
      "nodeID": 1,
      "possibleTargets": Array [
        2,
      ],
    },
    "2": Object {
      "nodeData": undefined,
      "nodeID": 2,
      "possibleTargets": Array [],
    },
  },
}
`;

exports[`core.public.addEdges Returns silently when an edge already exists 1`] = `
Object {
  "edges": Object {
    "1_2": Object {
      "edgeData": Object {},
      "edgeID": "1_2",
      "sourceID": 1,
      "targetID": 2,
    },
    "2_1": Object {
      "edgeData": Object {},
      "edgeID": "2_1",
      "sourceID": 2,
      "targetID": 1,
    },
  },
  "nodes": Object {
    "1": Object {
      "nodeData": undefined,
      "nodeID": 1,
      "possibleTargets": Array [
        2,
      ],
    },
    "2": Object {
      "nodeData": undefined,
      "nodeID": 2,
      "possibleTargets": Array [],
    },
  },
}
`;

exports[`core.public.addEdges Works with custom state handlers passed down to it 1`] = `
Object {
  "edges": Object {
    "1_2": Object {
      "edgeData": Object {},
      "edgeID": "1_2",
      "sourceID": 1,
      "targetID": 2,
    },
    "2_1": Object {
      "edgeData": Object {},
      "edgeID": "2_1",
      "sourceID": 2,
      "targetID": 1,
    },
  },
  "nodes": Object {
    "1": Object {
      "nodeData": undefined,
      "nodeID": 1,
      "possibleTargets": Array [
        2,
      ],
    },
    "2": Object {
      "nodeData": undefined,
      "nodeID": 2,
      "possibleTargets": Array [],
    },
  },
}
`;

exports[`core.public.addEdges addEdges throws if source and/or target are not registered nodes in state 1`] = `
"Couldnt find target node at edge {
  \\"source\\": 1,
  \\"target\\": 2
} 
 Nodes in memory : {\\"1\\":{\\"nodeID\\":1,\\"possibleTargets\\":[2]}}"
`;

exports[`core.public.addEdges addEdges throws if source and/or target are not registered nodes in state 2`] = `
"Couldnt find source node at edge {
  \\"source\\": 2,
  \\"target\\": 1
} 
 Nodes in memory : {\\"1\\":{\\"nodeID\\":1,\\"possibleTargets\\":[2]}}"
`;

exports[`core.public.addEdges addEdges works when source and target exist in state 1`] = `
Object {
  "edges": Object {
    "1_2": Object {
      "edgeData": Object {},
      "edgeID": "1_2",
      "sourceID": 1,
      "targetID": 2,
    },
    "2_1": Object {
      "edgeData": Object {},
      "edgeID": "2_1",
      "sourceID": 2,
      "targetID": 1,
    },
  },
  "nodes": Object {
    "1": Object {
      "nodeData": undefined,
      "nodeID": 1,
      "possibleTargets": Array [
        2,
      ],
    },
    "2": Object {
      "nodeData": undefined,
      "nodeID": 2,
      "possibleTargets": Array [],
    },
  },
}
`;

exports[`core.public.addEdges exports 1`] = `[Function]`;
